{
	"song": {
		"player1": "bf",
		"sectionLengths": [],
		"notes": [
			{
				"lengthInSteps": 16,
				"sectionNotes": [],
				"typeOfSection": 0,
				"mustHitSection": true,
				"changeBPM": false,
				"bpm": 160
			},
			{
				"lengthInSteps": 16,
				"sectionNotes": [],
				"typeOfSection": 0,
				"mustHitSection": true,
				"changeBPM": false,
				"bpm": 160
			},
			{
				"lengthInSteps": 16,
				"sectionNotes": [],
				"typeOfSection": 0,
				"mustHitSection": false,
				"changeBPM": false,
				"bpm": 160
			},
			{
				"lengthInSteps": 16,
				"sectionNotes": [],
				"typeOfSection": 0,
				"mustHitSection": false,
				"changeBPM": false,
				"bpm": 160
			},
			{
				"lengthInSteps": 16,
				"sectionNotes": [],
				"typeOfSection": 0,
				"mustHitSection": true,
				"changeBPM": false,
				"bpm": 160
			},
			{
				"lengthInSteps": 16,
				"sectionNotes": [],
				"typeOfSection": 0,
				"mustHitSection": true,
				"changeBPM": false,
				"bpm": 160
			},
			{
				"lengthInSteps": 16,
				"sectionNotes": [],
				"typeOfSection": 0,
				"mustHitSection": false,
				"changeBPM": false,
				"bpm": 160
			},
			{
				"lengthInSteps": 16,
				"sectionNotes": [],
				"typeOfSection": 0,
				"mustHitSection": false,
				"changeBPM": false,
				"bpm": 160
			},
			{
				"lengthInSteps": 16,
				"sectionNotes": [
					[
						12000,
						2,
						0
					],
					[
						12281.25,
						2,
						0
					],
					[
						12562.5,
						0,
						0
					],
					[
						12843.75,
						0,
						0
					],
					[
						13125,
						1,
						0
					]
				],
				"typeOfSection": 0,
				"mustHitSection": false,
				"changeBPM": false,
				"bpm": 160
			},
			{
				"lengthInSteps": 16,
				"sectionNotes": [
					[
						13500,
						3,
						0
					],
					[
						13781.25,
						2,
						0
					],
					[
						14062.5,
						3,
						0
					],
					[
						14343.75,
						1,
						0
					],
					[
						14625,
						2,
						0
					]
				],
				"typeOfSection": 0,
				"mustHitSection": false,
				"changeBPM": false,
				"bpm": 160
			},
			{
				"lengthInSteps": 16,
				"sectionNotes": [
					[
						15000,
						3,
						0
					],
					[
						15281.25,
						1,
						0
					],
					[
						15562.5,
						1,
						0
					],
					[
						15843.75,
						0,
						0
					],
					[
						16125,
						1,
						0
					]
				],
				"typeOfSection": 0,
				"mustHitSection": true,
				"changeBPM": false,
				"bpm": 160
			},
			{
				"lengthInSteps": 16,
				"sectionNotes": [
					[
						16500,
						1,
						0
					],
					[
						16781.25,
						1,
						0
					],
					[
						17062.5,
						0,
						0
					],
					[
						17343.75,
						2,
						0
					],
					[
						17625,
						1,
						0
					]
				],
				"typeOfSection": 0,
				"mustHitSection": true,
				"changeBPM": false,
				"bpm": 160
			},
			{
				"lengthInSteps": 16,
				"sectionNotes": [
					[
						18000,
						0,
						0
					],
					[
						18375,
						3,
						0
					],
					[
						18750,
						3,
						0
					],
					[
						19125,
						2,
						0
					]
				],
				"typeOfSection": 0,
				"mustHitSection": false,
				"changeBPM": false,
				"bpm": 160
			},
			{
				"lengthInSteps": 16,
				"sectionNotes": [
					[
						19500,
						3,
						0
					],
					[
						19875,
						3,
						0
					],
					[
						20250,
						1,
						0
					],
					[
						20625,
						4,
						0
					]
				],
				"typeOfSection": 0,
				"mustHitSection": false,
				"changeBPM": false,
				"bpm": 160
			},
			{
				"lengthInSteps": 16,
				"sectionNotes": [
					[
						21000,
						3,
						0
					],
					[
						21375,
						1,
						0
					],
					[
						21750,
						1,
						0
					],
					[
						22125,
						1,
						0
					]
				],
				"typeOfSection": 0,
				"mustHitSection": true,
				"changeBPM": false,
				"bpm": 160
			},
			{
				"lengthInSteps": 16,
				"sectionNotes": [
					[
						22500,
						2,
						0
					],
					[
						22875,
						2,
						0
					],
					[
						23250,
						0,
						0
					]
				],
				"typeOfSection": 0,
				"mustHitSection": true,
				"changeBPM": false,
				"bpm": 160
			},
			{
				"lengthInSteps": 16,
				"sectionNotes": [
					[
						24000,
						3,
						0
					],
					[
						24375,
						0,
						0
					],
					[
						24750,
						0,
						0
					],
					[
						25125,
						1,
						0
					]
				],
				"typeOfSection": 0,
				"mustHitSection": false,
				"changeBPM": false,
				"bpm": 160
			},
			{
				"lengthInSteps": 16,
				"sectionNotes": [
					[
						25500,
						0,
						0
					],
					[
						25875,
						1,
						0
					],
					[
						26250,
						1,
						0
					],
					[
						26625,
						3,
						0
					]
				],
				"typeOfSection": 0,
				"mustHitSection": false,
				"changeBPM": false,
				"bpm": 160
			},
			{
				"lengthInSteps": 16,
				"sectionNotes": [
					[
						27000,
						1,
						0
					],
					[
						27375,
						2,
						0
					],
					[
						27750,
						2,
						0
					]
				],
				"typeOfSection": 0,
				"mustHitSection": false,
				"changeBPM": false,
				"bpm": 160
			},
			{
				"lengthInSteps": 16,
				"sectionNotes": [],
				"typeOfSection": 0,
				"mustHitSection": false,
				"changeBPM": false,
				"bpm": 160
			},
			{
				"lengthInSteps": 16,
				"sectionNotes": [
					[
						30000,
						3,
						0
					],
					[
						30375,
						0,
						0
					],
					[
						30750,
						0,
						0
					],
					[
						31125,
						0,
						0
					]
				],
				"typeOfSection": 0,
				"mustHitSection": true,
				"changeBPM": false,
				"bpm": 160
			},
			{
				"lengthInSteps": 16,
				"sectionNotes": [
					[
						31500,
						1,
						0
					],
					[
						31875,
						2,
						0
					],
					[
						32250,
						0,
						0
					],
					[
						32625,
						0,
						0
					]
				],
				"typeOfSection": 0,
				"mustHitSection": true,
				"changeBPM": false,
				"bpm": 160
			},
			{
				"lengthInSteps": 16,
				"sectionNotes": [
					[
						33000,
						3,
						0
					],
					[
						33375,
						1,
						0
					],
					[
						33750,
						0,
						0
					]
				],
				"typeOfSection": 0,
				"mustHitSection": true,
				"changeBPM": false,
				"bpm": 160
			},
			{
				"lengthInSteps": 16,
				"sectionNotes": [],
				"typeOfSection": 0,
				"mustHitSection": false,
				"changeBPM": false,
				"bpm": 160
			},
			{
				"lengthInSteps": 16,
				"sectionNotes": [
					[
						36000,
						1,
						0
					],
					[
						36281.25,
						2,
						0
					],
					[
						36562.5,
						2,
						0
					],
					[
						36843.75,
						1,
						0
					],
					[
						37125,
						2,
						0
					]
				],
				"typeOfSection": 0,
				"mustHitSection": false,
				"changeBPM": false,
				"bpm": 160
			},
			{
				"lengthInSteps": 16,
				"sectionNotes": [
					[
						37500,
						2,
						0
					],
					[
						37781.25,
						1,
						0
					],
					[
						38062.5,
						0,
						0
					],
					[
						38343.75,
						1,
						0
					],
					[
						38625,
						0,
						0
					]
				],
				"typeOfSection": 0,
				"mustHitSection": false,
				"changeBPM": false,
				"bpm": 160
			},
			{
				"lengthInSteps": 16,
				"sectionNotes": [
					[
						39000,
						3,
						0
					],
					[
						39281.25,
						2,
						0
					],
					[
						39562.5,
						0,
						0
					],
					[
						39843.75,
						1,
						0
					],
					[
						40125,
						1,
						0
					]
				],
				"typeOfSection": 0,
				"mustHitSection": true,
				"changeBPM": false,
				"bpm": 160
			},
			{
				"lengthInSteps": 16,
				"sectionNotes": [
					[
						40500,
						1,
						0
					],
					[
						40781.25,
						2,
						0
					],
					[
						41062.5,
						0,
						0
					],
					[
						41343.75,
						3,
						0
					],
					[
						41625,
						0,
						0
					]
				],
				"typeOfSection": 0,
				"mustHitSection": true,
				"changeBPM": false,
				"bpm": 160
			},
			{
				"lengthInSteps": 16,
				"sectionNotes": [
					[
						42000,
						3,
						0
					],
					[
						42375,
						3,
						0
					],
					[
						42750,
						0,
						0
					],
					[
						43125,
						3,
						0
					]
				],
				"typeOfSection": 0,
				"mustHitSection": false,
				"changeBPM": false,
				"bpm": 160
			},
			{
				"lengthInSteps": 16,
				"sectionNotes": [
					[
						43500,
						3,
						0
					],
					[
						43875,
						1,
						0
					],
					[
						44250,
						0,
						0
					],
					[
						44625,
						6,
						0
					]
				],
				"typeOfSection": 0,
				"mustHitSection": false,
				"changeBPM": false,
				"bpm": 160
			},
			{
				"lengthInSteps": 16,
				"sectionNotes": [
					[
						45000,
						2,
						0
					],
					[
						45375,
						3,
						0
					],
					[
						45750,
						1,
						0
					],
					[
						46125,
						3,
						0
					]
				],
				"typeOfSection": 0,
				"mustHitSection": true,
				"changeBPM": false,
				"bpm": 160
			},
			{
				"lengthInSteps": 16,
				"sectionNotes": [
					[
						46500,
						3,
						0
					],
					[
						46875,
						1,
						0
					],
					[
						47250,
						3,
						468.75
					]
				],
				"typeOfSection": 0,
				"mustHitSection": true,
				"changeBPM": false,
				"bpm": 160
			},
			{
				"lengthInSteps": 16,
				"sectionNotes": [
					[
						48000,
						3,
						0
					],
					[
						48375,
						0,
						0
					],
					[
						48750,
						0,
						0
					],
					[
						49125,
						3,
						0
					]
				],
				"typeOfSection": 0,
				"mustHitSection": false,
				"changeBPM": false,
				"bpm": 160
			},
			{
				"lengthInSteps": 16,
				"sectionNotes": [
					[
						49500,
						1,
						0
					],
					[
						49875,
						3,
						0
					],
					[
						50250,
						1,
						0
					],
					[
						50625,
						2,
						0
					]
				],
				"typeOfSection": 0,
				"mustHitSection": false,
				"changeBPM": false,
				"bpm": 160
			},
			{
				"lengthInSteps": 16,
				"sectionNotes": [
					[
						51000,
						0,
						328.125
					]
				],
				"typeOfSection": 0,
				"mustHitSection": false,
				"changeBPM": false,
				"bpm": 160
			},
			{
				"lengthInSteps": 16,
				"sectionNotes": [],
				"typeOfSection": 0,
				"mustHitSection": true,
				"changeBPM": false,
				"bpm": 160
			},
			{
				"lengthInSteps": 16,
				"sectionNotes": [
					[
						54000,
						0,
						0
					],
					[
						54375,
						0,
						0
					],
					[
						54750,
						3,
						0
					],
					[
						55125,
						2,
						0
					]
				],
				"typeOfSection": 0,
				"mustHitSection": true,
				"changeBPM": false,
				"bpm": 160
			},
			{
				"lengthInSteps": 16,
				"sectionNotes": [
					[
						55500,
						3,
						0
					],
					[
						55875,
						0,
						0
					],
					[
						56250,
						3,
						0
					],
					[
						56625,
						3,
						0
					]
				],
				"typeOfSection": 0,
				"mustHitSection": true,
				"changeBPM": false,
				"bpm": 160
			},
			{
				"lengthInSteps": 16,
				"sectionNotes": [
					[
						57000,
						0,
						328.125
					]
				],
				"typeOfSection": 0,
				"mustHitSection": true,
				"changeBPM": false,
				"bpm": 160
			},
			{
				"lengthInSteps": 16,
				"sectionNotes": [],
				"typeOfSection": 0,
				"mustHitSection": true,
				"changeBPM": false,
				"bpm": 160
			},
			{
				"lengthInSteps": 16,
				"sectionNotes": [
					[
						60000,
						0,
						0
					],
					[
						60281.25,
						2,
						0
					],
					[
						60562.5,
						1,
						0
					],
					[
						60843.75,
						0,
						0
					],
					[
						61125,
						1,
						0
					]
				],
				"typeOfSection": 0,
				"mustHitSection": false,
				"changeBPM": false,
				"bpm": 160
			},
			{
				"lengthInSteps": 16,
				"sectionNotes": [
					[
						61500,
						0,
						0
					],
					[
						61781.25,
						0,
						0
					],
					[
						62062.5,
						2,
						0
					],
					[
						62343.75,
						0,
						0
					],
					[
						62625,
						1,
						0
					]
				],
				"typeOfSection": 0,
				"mustHitSection": false,
				"changeBPM": false,
				"bpm": 160
			},
			{
				"lengthInSteps": 16,
				"sectionNotes": [
					[
						63000,
						1,
						0
					],
					[
						63375,
						1,
						0
					],
					[
						63750,
						3,
						421.875
					]
				],
				"typeOfSection": 0,
				"mustHitSection": false,
				"changeBPM": false,
				"bpm": 160
			},
			{
				"lengthInSteps": 16,
				"sectionNotes": [],
				"typeOfSection": 0,
				"mustHitSection": true,
				"changeBPM": false,
				"bpm": 160
			},
			{
				"lengthInSteps": 16,
				"sectionNotes": [
					[
						66000,
						1,
						0
					],
					[
						66281.25,
						3,
						0
					],
					[
						66562.5,
						3,
						0
					],
					[
						66843.75,
						0,
						0
					],
					[
						67125,
						0,
						0
					]
				],
				"typeOfSection": 0,
				"mustHitSection": true,
				"changeBPM": false,
				"bpm": 160
			},
			{
				"lengthInSteps": 16,
				"sectionNotes": [
					[
						67500,
						2,
						0
					],
					[
						67781.25,
						0,
						0
					],
					[
						68062.5,
						2,
						0
					],
					[
						68343.75,
						0,
						0
					],
					[
						68625,
						0,
						0
					]
				],
				"typeOfSection": 0,
				"mustHitSection": true,
				"changeBPM": false,
				"bpm": 160
			},
			{
				"lengthInSteps": 16,
				"sectionNotes": [
					[
						69000,
						3,
						0
					],
					[
						69375,
						0,
						0
					],
					[
						69750,
						3,
						421.875
					]
				],
				"typeOfSection": 0,
				"mustHitSection": true,
				"changeBPM": false,
				"bpm": 160
			},
			{
				"lengthInSteps": 16,
				"sectionNotes": [],
				"typeOfSection": 0,
				"mustHitSection": true,
				"changeBPM": false,
				"bpm": 160
			},
			{
				"lengthInSteps": 16,
				"sectionNotes": [
					[
						72000,
						2,
						0
					],
					[
						72281.25,
						3,
						0
					],
					[
						72562.5,
						2,
						0
					],
					[
						72750,
						3,
						0
					],
					[
						72937.5,
						2,
						0
					],
					[
						73125,
						3,
						0
					],
					[
						73312.5,
						0,
						0
					]
				],
				"typeOfSection": 0,
				"mustHitSection": false,
				"changeBPM": false,
				"bpm": 160
			},
			{
				"lengthInSteps": 16,
				"sectionNotes": [
					[
						73500,
						0,
						0
					],
					[
						73687.5,
						0,
						0
					],
					[
						73875,
						2,
						0
					],
					[
						74062.5,
						3,
						0
					]
				],
				"typeOfSection": 0,
				"mustHitSection": false,
				"changeBPM": false,
				"bpm": 160
			},
			{
				"lengthInSteps": 16,
				"sectionNotes": [
					[
						75000,
						1,
						0
					],
					[
						75281.25,
						3,
						0
					],
					[
						75562.5,
						1,
						0
					],
					[
						75750,
						3,
						0
					],
					[
						75937.5,
						1,
						0
					],
					[
						76125,
						0,
						0
					],
					[
						76312.5,
						0,
						0
					]
				],
				"typeOfSection": 0,
				"mustHitSection": true,
				"changeBPM": false,
				"bpm": 160
			},
			{
				"lengthInSteps": 16,
				"sectionNotes": [
					[
						76500,
						3,
						0
					],
					[
						76687.5,
						1,
						0
					],
					[
						76875,
						2,
						0
					],
					[
						77250,
						0,
						0
					]
				],
				"typeOfSection": 0,
				"mustHitSection": true,
				"changeBPM": false,
				"bpm": 160
			},
			{
				"lengthInSteps": 16,
				"sectionNotes": [],
				"typeOfSection": 0,
				"mustHitSection": true,
				"changeBPM": false,
				"bpm": 160
			},
			{
				"lengthInSteps": 16,
				"sectionNotes": [],
				"typeOfSection": 0,
				"mustHitSection": true,
				"changeBPM": false,
				"bpm": 160
			},
			{
				"lengthInSteps": 16,
				"sectionNotes": [],
				"typeOfSection": 0,
				"mustHitSection": true,
				"changeBPM": false,
				"bpm": 160
			},
			{
				"lengthInSteps": 16,
				"sectionNotes": [
					[
						83250,
						3,
						0
					],
					[
						83343.75,
						0,
						0
					],
					[
						83437.5,
						3,
						0
					],
					[
						83625,
						2,
						0
					],
					[
						83718.75,
						0,
						0
					],
					[
						83812.5,
						2,
						0
					],
					[
						83906.25,
						2,
						0
					]
				],
				"typeOfSection": 0,
				"mustHitSection": false,
				"changeBPM": false,
				"bpm": 160
			},
			{
				"lengthInSteps": 16,
				"sectionNotes": [
					[
						84000,
						7,
						0
					],
					[
						84093.75,
						6,
						0
					],
					[
						84187.5,
						6,
						0
					],
					[
						84281.25,
						5,
						328.125
					],
					[
						84750,
						2,
						0
					],
					[
						84843.75,
						2,
						0
					],
					[
						84937.5,
						2,
						0
					],
					[
						85125,
						2,
						0
					],
					[
						85218.75,
						0,
						0
					],
					[
						85312.5,
						3,
						0
					],
					[
						85406.25,
						3,
						0
					]
				],
				"typeOfSection": 0,
				"mustHitSection": true,
				"changeBPM": false,
				"bpm": 160
			},
			{
				"lengthInSteps": 16,
				"sectionNotes": [
					[
						86250,
						0,
						0
					],
					[
						86343.75,
						2,
						0
					],
					[
						86437.5,
						0,
						0
					],
					[
						86625,
						2,
						0
					],
					[
						86718.75,
						3,
						0
					],
					[
						86812.5,
						0,
						0
					],
					[
						86906.25,
						1,
						0
					],
					[
						85781.25,
						5,
						0
					],
					[
						85687.5,
						5,
						0
					],
					[
						85593.75,
						5,
						0
					],
					[
						85500,
						7,
						0
					]
				],
				"typeOfSection": 0,
				"mustHitSection": false,
				"changeBPM": false,
				"bpm": 160
			},
			{
				"lengthInSteps": 16,
				"sectionNotes": [
					[
						87750,
						2,
						0
					],
					[
						87843.75,
						2,
						0
					],
					[
						87937.5,
						3,
						0
					],
					[
						88125,
						3,
						0
					],
					[
						88218.75,
						3,
						0
					],
					[
						88312.5,
						1,
						0
					],
					[
						88406.25,
						0,
						0
					],
					[
						87281.25,
						7,
						0
					],
					[
						87187.5,
						4,
						0
					],
					[
						87093.75,
						6,
						0
					],
					[
						87000,
						4,
						0
					]
				],
				"typeOfSection": 0,
				"mustHitSection": true,
				"changeBPM": false,
				"bpm": 160
			},
			{
				"lengthInSteps": 16,
				"sectionNotes": [
					[
						88500,
						2,
						0
					],
					[
						88593.75,
						1,
						0
					],
					[
						88687.5,
						1,
						0
					],
					[
						88781.25,
						3,
						0
					],
					[
						89156.25,
						1,
						0
					],
					[
						89414.063,
						3,
						0
					],
					[
						89777.344,
						3,
						0
					]
				],
				"typeOfSection": 0,
				"mustHitSection": true,
				"changeBPM": false,
				"bpm": 160
			},
			{
				"lengthInSteps": 16,
				"sectionNotes": [
					[
						90140.625,
						3,
						0
					],
					[
						90503.907,
						2,
						0
					],
					[
						90796.875,
						1,
						609.375
					]
				],
				"typeOfSection": 0,
				"mustHitSection": true,
				"changeBPM": false,
				"bpm": 160
			},
			{
				"lengthInSteps": 16,
				"sectionNotes": [],
				"typeOfSection": 0,
				"mustHitSection": true,
				"changeBPM": false,
				"bpm": 160
			},
			{
				"lengthInSteps": 16,
				"sectionNotes": [],
				"typeOfSection": 0,
				"mustHitSection": true,
				"changeBPM": false,
				"bpm": 160
			},
			{
				"lengthInSteps": 16,
				"sectionNotes": [],
				"typeOfSection": 0,
				"mustHitSection": true,
				"changeBPM": false,
				"bpm": 160
			},
			{
				"lengthInSteps": 16,
				"sectionNotes": [],
				"typeOfSection": 0,
				"mustHitSection": true,
				"changeBPM": false,
				"bpm": 160
			},
			{
				"lengthInSteps": 16,
				"sectionNotes": [],
				"typeOfSection": 0,
				"mustHitSection": true,
				"changeBPM": false,
				"bpm": 160
			},
			{
				"lengthInSteps": 16,
				"sectionNotes": [],
				"typeOfSection": 0,
				"mustHitSection": true,
				"changeBPM": false,
				"bpm": 160
			},
			{
				"lengthInSteps": 16,
				"sectionNotes": [],
				"typeOfSection": 0,
				"mustHitSection": true,
				"changeBPM": false,
				"bpm": 160
			},
			{
				"lengthInSteps": 16,
				"sectionNotes": [],
				"typeOfSection": 0,
				"mustHitSection": true,
				"changeBPM": false,
				"bpm": 160
			},
			{
				"lengthInSteps": 16,
				"sectionNotes": [],
				"typeOfSection": 0,
				"mustHitSection": true,
				"changeBPM": false,
				"bpm": 160
			},
			{
				"lengthInSteps": 16,
				"sectionNotes": [],
				"typeOfSection": 0,
				"mustHitSection": true,
				"changeBPM": false,
				"bpm": 160
			},
			{
				"lengthInSteps": 16,
				"sectionNotes": [],
				"typeOfSection": 0,
				"mustHitSection": true,
				"changeBPM": false,
				"bpm": 160
			},
			{
				"lengthInSteps": 16,
				"sectionNotes": [],
				"typeOfSection": 0,
				"mustHitSection": true,
				"changeBPM": false,
				"bpm": 160
			},
			{
				"lengthInSteps": 16,
				"sectionNotes": [],
				"typeOfSection": 0,
				"mustHitSection": true,
				"changeBPM": false,
				"bpm": 160
			},
			{
				"lengthInSteps": 16,
				"sectionNotes": [],
				"typeOfSection": 0,
				"mustHitSection": true,
				"changeBPM": false,
				"bpm": 160
			},
			{
				"lengthInSteps": 16,
				"sectionNotes": [],
				"typeOfSection": 0,
				"mustHitSection": true,
				"changeBPM": false,
				"bpm": 160
			},
			{
				"lengthInSteps": 16,
				"sectionNotes": [],
				"typeOfSection": 0,
				"mustHitSection": true,
				"changeBPM": false,
				"bpm": 160
			},
			{
				"lengthInSteps": 16,
				"sectionNotes": [],
				"typeOfSection": 0,
				"mustHitSection": true,
				"changeBPM": false,
				"bpm": 160
			},
			{
				"lengthInSteps": 16,
				"sectionNotes": [],
				"typeOfSection": 0,
				"mustHitSection": true,
				"changeBPM": false,
				"bpm": 160
			},
			{
				"lengthInSteps": 16,
				"sectionNotes": [],
				"typeOfSection": 0,
				"mustHitSection": true,
				"changeBPM": false,
				"bpm": 160
			},
			{
				"lengthInSteps": 16,
				"sectionNotes": [],
				"typeOfSection": 0,
				"mustHitSection": true,
				"changeBPM": false,
				"bpm": 160
			},
			{
				"sectionNotes": [],
				"typeOfSection": 0,
				"lengthInSteps": 16,
				"altAnim": false,
				"mustHitSection": true,
				"changeBPM": false,
				"bpm": 160
			},
			{
				"lengthInSteps": 16,
				"typeOfSection": 0,
				"sectionNotes": [],
				"altAnim": false,
				"bpm": 160,
				"changeBPM": false,
				"mustHitSection": true
			},
			{
				"sectionNotes": [],
				"typeOfSection": 0,
				"lengthInSteps": 16,
				"gfSection": false,
				"altAnim": false,
				"mustHitSection": true,
				"changeBPM": false,
				"bpm": 160
			},
			{
				"gfSection": false,
				"lengthInSteps": 16,
				"altAnim": false,
				"typeOfSection": 0,
				"sectionNotes": [],
				"bpm": 160,
				"changeBPM": false,
				"mustHitSection": true
			},
			{
				"gfSection": false,
				"lengthInSteps": 16,
				"altAnim": false,
				"typeOfSection": 0,
				"sectionNotes": [],
				"bpm": 160,
				"changeBPM": false,
				"mustHitSection": true
			}
		],
		"player2": "goldenfenix",
		"player3": "gf",
		"song": "Golden",
		"sections": 0,
		"needsVoices": true,
		"validScore": true,
		"stage": "stage",
		"bpm": 160,
		"speed": 2
	}
}